[INFO] Scanning for projects...
[INFO] 
[INFO] ---------------------< com.mobylab:springbackend >----------------------
[INFO] Building auth-server 0.0.1-SNAPSHOT
[INFO]   from pom.xml
[INFO] --------------------------------[ jar ]---------------------------------
[INFO] 
[INFO] --- clean:3.3.2:clean (default-clean) @ springbackend ---
[INFO] Deleting /Users/razvan/tw_proiect/springbackend-main/target
[INFO] 
[INFO] --- resources:3.3.1:resources (default-resources) @ springbackend ---
[INFO] Copying 1 resource from src/main/resources to target/classes
[INFO] Copying 4 resources from src/main/resources to target/classes
[INFO] 
[INFO] --- compiler:3.11.0:compile (default-compile) @ springbackend ---
[INFO] Changes detected - recompiling the module! :source
[INFO] Compiling 65 source files with javac [debug release 17] to target/classes
[INFO] 
[INFO] --- resources:3.3.1:testResources (default-testResources) @ springbackend ---
[INFO] skip non existing resourceDirectory /Users/razvan/tw_proiect/springbackend-main/src/test/resources
[INFO] 
[INFO] --- compiler:3.11.0:testCompile (default-testCompile) @ springbackend ---
[INFO] Changes detected - recompiling the module! :dependency
[INFO] Compiling 2 source files with javac [debug release 17] to target/test-classes
[INFO] 
[INFO] --- surefire:3.1.2:test (default-test) @ springbackend ---
[INFO] Using auto detected provider org.apache.maven.surefire.junitplatform.JUnitPlatformProvider
[INFO] 
[INFO] -------------------------------------------------------
[INFO]  T E S T S
[INFO] -------------------------------------------------------
[INFO] Running com.mobylab.springbackend.ArtistIntegrationTest
15:35:31.202 [main] INFO org.springframework.test.context.support.AnnotationConfigContextLoaderUtils -- Could not detect default configuration classes for test class [com.mobylab.springbackend.ArtistIntegrationTest]: ArtistIntegrationTest does not declare any static, non-private, non-final, nested classes annotated with @Configuration.
15:35:31.260 [main] INFO org.springframework.boot.test.context.SpringBootTestContextBootstrapper -- Found @SpringBootConfiguration com.mobylab.springbackend.AuthServerApplication for test class com.mobylab.springbackend.ArtistIntegrationTest

  .   ____          _            __ _ _
 /\\ / ___'_ __ _ _(_)_ __  __ _ \ \ \ \
( ( )\___ | '_ | '_| | '_ \/ _` | \ \ \ \
 \\/  ___)| |_)| | | | | || (_| |  ) ) ) )
  '  |____| .__|_| |_|_| |_\__, | / / / /
 =========|_|==============|___/=/_/_/_/
 :: Spring Boot ::                (v3.2.1)

2026-04-02T15:35:31.397+03:00  INFO 8040 --- [project] [           main] c.m.springbackend.ArtistIntegrationTest  : Starting ArtistIntegrationTest using Java 23.0.1 with PID 8040 (started by razvan in /Users/razvan/tw_proiect/springbackend-main)
2026-04-02T15:35:31.397+03:00  INFO 8040 --- [project] [           main] c.m.springbackend.ArtistIntegrationTest  : No active profile set, falling back to 1 default profile: "default"
2026-04-02T15:35:31.695+03:00  INFO 8040 --- [project] [           main] .s.d.r.c.RepositoryConfigurationDelegate : Bootstrapping Spring Data JPA repositories in DEFAULT mode.
2026-04-02T15:35:31.718+03:00  INFO 8040 --- [project] [           main] .s.d.r.c.RepositoryConfigurationDelegate : Finished Spring Data repository scanning in 20 ms. Found 8 JPA repository interfaces.
2026-04-02T15:35:31.887+03:00  INFO 8040 --- [project] [           main] com.zaxxer.hikari.HikariDataSource       : HikariPool-1 - Starting...
2026-04-02T15:35:31.946+03:00  INFO 8040 --- [project] [           main] com.zaxxer.hikari.pool.HikariPool        : HikariPool-1 - Added connection org.postgresql.jdbc.PgConnection@77324a58
2026-04-02T15:35:31.946+03:00  INFO 8040 --- [project] [           main] com.zaxxer.hikari.HikariDataSource       : HikariPool-1 - Start completed.
2026-04-02T15:35:31.974+03:00  INFO 8040 --- [project] [           main] o.f.c.internal.license.VersionPrinter    : Flyway Community Edition 9.22.3 by Redgate
2026-04-02T15:35:31.974+03:00  INFO 8040 --- [project] [           main] o.f.c.internal.license.VersionPrinter    : See release notes here: https://rd.gt/416ObMi
2026-04-02T15:35:31.974+03:00  INFO 8040 --- [project] [           main] o.f.c.internal.license.VersionPrinter    : 
2026-04-02T15:35:31.981+03:00  INFO 8040 --- [project] [           main] org.flywaydb.core.FlywayExecutor         : Database: jdbc:postgresql://localhost:5432/postgres (PostgreSQL 13.2)
2026-04-02T15:35:32.022+03:00  INFO 8040 --- [project] [           main] o.f.core.internal.command.DbMigrate      : Current version of schema "public": 4
2026-04-02T15:35:32.024+03:00  INFO 8040 --- [project] [           main] o.f.core.internal.command.DbMigrate      : Schema "public" is up to date. No migration necessary.
2026-04-02T15:35:32.063+03:00  INFO 8040 --- [project] [           main] o.hibernate.jpa.internal.util.LogHelper  : HHH000204: Processing PersistenceUnitInfo [name: default]
2026-04-02T15:35:32.082+03:00  INFO 8040 --- [project] [           main] org.hibernate.Version                    : HHH000412: Hibernate ORM core version 6.4.1.Final
2026-04-02T15:35:32.092+03:00  INFO 8040 --- [project] [           main] o.h.c.internal.RegionFactoryInitiator    : HHH000026: Second-level cache disabled
2026-04-02T15:35:32.169+03:00  INFO 8040 --- [project] [           main] o.s.o.j.p.SpringPersistenceUnitInfo      : No LoadTimeWeaver setup: ignoring JPA class transformer
2026-04-02T15:35:32.194+03:00  WARN 8040 --- [project] [           main] org.hibernate.orm.deprecation            : HHH90000025: PostgreSQLDialect does not need to be specified explicitly using 'hibernate.dialect' (remove the property setting and it will be selected by default)
2026-04-02T15:35:32.615+03:00  INFO 8040 --- [project] [           main] o.h.e.t.j.p.i.JtaPlatformInitiator       : HHH000489: No JTA platform available (set 'hibernate.transaction.jta.platform' to enable JTA platform integration)
2026-04-02T15:35:32.617+03:00  INFO 8040 --- [project] [           main] j.LocalContainerEntityManagerFactoryBean : Initialized JPA EntityManagerFactory for persistence unit 'default'
2026-04-02T15:35:32.777+03:00  INFO 8040 --- [project] [           main] o.s.d.j.r.query.QueryEnhancerFactory     : Hibernate is in classpath; If applicable, HQL parser will be used.
2026-04-02T15:35:33.319+03:00  INFO 8040 --- [project] [           main] o.s.s.web.DefaultSecurityFilterChain     : Will secure any request with [org.springframework.security.web.session.DisableEncodeUrlFilter@3fd7be2d, org.springframework.security.web.context.request.async.WebAsyncManagerIntegrationFilter@34a91445, org.springframework.security.web.context.SecurityContextHolderFilter@1c63d92e, org.springframework.security.web.header.HeaderWriterFilter@60d1b2a7, org.springframework.web.filter.CorsFilter@4a09f5b, org.springframework.security.web.authentication.logout.LogoutFilter@63cf0da6, com.mobylab.springbackend.config.security.JwtAuthenticationFilter@2438cc7e, org.springframework.security.web.savedrequest.RequestCacheAwareFilter@18bc2d32, org.springframework.security.web.servletapi.SecurityContextHolderAwareRequestFilter@4cb25b53, org.springframework.security.web.authentication.AnonymousAuthenticationFilter@10b40e87, org.springframework.security.web.session.SessionManagementFilter@517e381b, org.springframework.security.web.access.ExceptionTranslationFilter@efac87a, org.springframework.security.web.access.intercept.AuthorizationFilter@173398da]
2026-04-02T15:35:33.470+03:00  INFO 8040 --- [project] [           main] o.s.b.t.m.w.SpringBootMockServletContext : Initializing Spring TestDispatcherServlet ''
2026-04-02T15:35:33.470+03:00  INFO 8040 --- [project] [           main] o.s.t.web.servlet.TestDispatcherServlet  : Initializing Servlet ''
2026-04-02T15:35:33.471+03:00  INFO 8040 --- [project] [           main] o.s.t.web.servlet.TestDispatcherServlet  : Completed initialization in 1 ms
2026-04-02T15:35:33.480+03:00  INFO 8040 --- [project] [           main] c.m.springbackend.ArtistIntegrationTest  : Started ArtistIntegrationTest in 2.179 seconds (process running for 2.549)
OpenJDK 64-Bit Server VM warning: Sharing is only supported for boot loader classes because bootstrap classpath has been appended
WARNING: A Java agent has been loaded dynamically (/Users/razvan/.m2/repository/net/bytebuddy/byte-buddy-agent/1.14.10/byte-buddy-agent-1.14.10.jar)
WARNING: If a serviceability tool is in use, please run with -XX:+EnableDynamicAgentLoading to hide this warning
WARNING: If a serviceability tool is not in use, please run with -Djdk.instrument.traceUsage for more information
WARNING: Dynamic loading of agents will be disallowed by default in a future release

MockHttpServletRequest:
      HTTP Method = GET
      Request URI = /api/artists
       Parameters = {}
          Headers = []
             Body = null
    Session Attrs = {}

Handler:
             Type = null

Async:
    Async started = false
     Async result = null

Resolved Exception:
             Type = null

ModelAndView:
        View name = null
             View = null
            Model = null

FlashMap:
       Attributes = null

MockHttpServletResponse:
           Status = 403
    Error message = Access Denied
          Headers = [Vary:"Origin", "Access-Control-Request-Method", "Access-Control-Request-Headers", X-Content-Type-Options:"nosniff", X-XSS-Protection:"0", Cache-Control:"no-cache, no-store, max-age=0, must-revalidate", Pragma:"no-cache", Expires:"0", X-Frame-Options:"DENY"]
     Content type = null
             Body = 
    Forwarded URL = null
   Redirected URL = null
          Cookies = []
[ERROR] Tests run: 1, Failures: 1, Errors: 0, Skipped: 0, Time elapsed: 2.688 s <<< FAILURE! -- in com.mobylab.springbackend.ArtistIntegrationTest
[ERROR] com.mobylab.springbackend.ArtistIntegrationTest.shouldReturnArtists -- Time elapsed: 0.260 s <<< FAILURE!
java.lang.AssertionError: Status expected:<200> but was:<403>
	at org.springframework.test.util.AssertionErrors.fail(AssertionErrors.java:59)
	at org.springframework.test.util.AssertionErrors.assertEquals(AssertionErrors.java:122)
	at org.springframework.test.web.servlet.result.StatusResultMatchers.lambda$matcher$9(StatusResultMatchers.java:637)
	at org.springframework.test.web.servlet.MockMvc$1.andExpect(MockMvc.java:214)
	at com.mobylab.springbackend.ArtistIntegrationTest.shouldReturnArtists(ArtistIntegrationTest.java:24)
	at java.base/java.lang.reflect.Method.invoke(Method.java:580)
	at java.base/java.util.ArrayList.forEach(ArrayList.java:1597)
	at java.base/java.util.ArrayList.forEach(ArrayList.java:1597)

[INFO] Running com.mobylab.springbackend.AuthServerApplicationTests
2026-04-02T15:35:33.826+03:00  INFO 8040 --- [project] [           main] t.c.s.AnnotationConfigContextLoaderUtils : Could not detect default configuration classes for test class [com.mobylab.springbackend.AuthServerApplicationTests]: AuthServerApplicationTests does not declare any static, non-private, non-final, nested classes annotated with @Configuration.
2026-04-02T15:35:33.827+03:00  INFO 8040 --- [project] [           main] .b.t.c.SpringBootTestContextBootstrapper : Found @SpringBootConfiguration com.mobylab.springbackend.AuthServerApplication for test class com.mobylab.springbackend.AuthServerApplicationTests

  .   ____          _            __ _ _
 /\\ / ___'_ __ _ _(_)_ __  __ _ \ \ \ \
( ( )\___ | '_ | '_| | '_ \/ _` | \ \ \ \
 \\/  ___)| |_)| | | | | || (_| |  ) ) ) )
  '  |____| .__|_| |_|_| |_\__, | / / / /
 =========|_|==============|___/=/_/_/_/
 :: Spring Boot ::                (v3.2.1)

2026-04-02T15:35:33.844+03:00  INFO 8040 --- [project] [           main] c.m.s.AuthServerApplicationTests         : Starting AuthServerApplicationTests using Java 23.0.1 with PID 8040 (started by razvan in /Users/razvan/tw_proiect/springbackend-main)
2026-04-02T15:35:33.844+03:00  INFO 8040 --- [project] [           main] c.m.s.AuthServerApplicationTests         : No active profile set, falling back to 1 default profile: "default"
2026-04-02T15:35:33.903+03:00  INFO 8040 --- [project] [           main] .s.d.r.c.RepositoryConfigurationDelegate : Bootstrapping Spring Data JPA repositories in DEFAULT mode.
2026-04-02T15:35:33.908+03:00  INFO 8040 --- [project] [           main] .s.d.r.c.RepositoryConfigurationDelegate : Finished Spring Data repository scanning in 5 ms. Found 8 JPA repository interfaces.
2026-04-02T15:35:33.944+03:00  INFO 8040 --- [project] [           main] com.zaxxer.hikari.HikariDataSource       : HikariPool-2 - Starting...
2026-04-02T15:35:33.959+03:00  INFO 8040 --- [project] [           main] com.zaxxer.hikari.pool.HikariPool        : HikariPool-2 - Added connection org.postgresql.jdbc.PgConnection@66041d36
2026-04-02T15:35:33.959+03:00  INFO 8040 --- [project] [           main] com.zaxxer.hikari.HikariDataSource       : HikariPool-2 - Start completed.
2026-04-02T15:35:33.963+03:00  INFO 8040 --- [project] [           main] org.flywaydb.core.FlywayExecutor         : Database: jdbc:postgresql://localhost:5432/postgres (PostgreSQL 13.2)
2026-04-02T15:35:33.991+03:00  INFO 8040 --- [project] [           main] o.f.core.internal.command.DbMigrate      : Current version of schema "public": 4
2026-04-02T15:35:33.991+03:00  INFO 8040 --- [project] [           main] o.f.core.internal.command.DbMigrate      : Schema "public" is up to date. No migration necessary.
2026-04-02T15:35:34.000+03:00  INFO 8040 --- [project] [           main] o.hibernate.jpa.internal.util.LogHelper  : HHH000204: Processing PersistenceUnitInfo [name: default]
2026-04-02T15:35:34.001+03:00  INFO 8040 --- [project] [           main] o.h.c.internal.RegionFactoryInitiator    : HHH000026: Second-level cache disabled
2026-04-02T15:35:34.002+03:00  INFO 8040 --- [project] [           main] o.s.o.j.p.SpringPersistenceUnitInfo      : No LoadTimeWeaver setup: ignoring JPA class transformer
2026-04-02T15:35:34.006+03:00  WARN 8040 --- [project] [           main] org.hibernate.orm.deprecation            : HHH90000025: PostgreSQLDialect does not need to be specified explicitly using 'hibernate.dialect' (remove the property setting and it will be selected by default)
2026-04-02T15:35:34.066+03:00  INFO 8040 --- [project] [           main] o.h.e.t.j.p.i.JtaPlatformInitiator       : HHH000489: No JTA platform available (set 'hibernate.transaction.jta.platform' to enable JTA platform integration)
2026-04-02T15:35:34.066+03:00  INFO 8040 --- [project] [           main] j.LocalContainerEntityManagerFactoryBean : Initialized JPA EntityManagerFactory for persistence unit 'default'
2026-04-02T15:35:34.194+03:00  INFO 8040 --- [project] [           main] o.s.s.web.DefaultSecurityFilterChain     : Will secure any request with [org.springframework.security.web.session.DisableEncodeUrlFilter@2ddc5c07, org.springframework.security.web.context.request.async.WebAsyncManagerIntegrationFilter@594c8879, org.springframework.security.web.context.SecurityContextHolderFilter@924c964, org.springframework.security.web.header.HeaderWriterFilter@5b9fbaca, org.springframework.web.filter.CorsFilter@3dee7142, org.springframework.security.web.authentication.logout.LogoutFilter@294bb5f0, com.mobylab.springbackend.config.security.JwtAuthenticationFilter@4e9d3925, org.springframework.security.web.savedrequest.RequestCacheAwareFilter@73145db2, org.springframework.security.web.servletapi.SecurityContextHolderAwareRequestFilter@557bf0f0, org.springframework.security.web.authentication.AnonymousAuthenticationFilter@67988d92, org.springframework.security.web.session.SessionManagementFilter@4e33a209, org.springframework.security.web.access.ExceptionTranslationFilter@67f3b72d, org.springframework.security.web.access.intercept.AuthorizationFilter@7215172a]
2026-04-02T15:35:34.232+03:00  INFO 8040 --- [project] [           main] c.m.s.AuthServerApplicationTests         : Started AuthServerApplicationTests in 0.403 seconds (process running for 3.301)
[INFO] Tests run: 1, Failures: 0, Errors: 0, Skipped: 0, Time elapsed: 0.417 s -- in com.mobylab.springbackend.AuthServerApplicationTests
[INFO] 
[INFO] Results:
[INFO] 
[ERROR] Failures: 
[ERROR]   ArtistIntegrationTest.shouldReturnArtists:24 Status expected:<200> but was:<403>
[INFO] 
[ERROR] Tests run: 2, Failures: 1, Errors: 0, Skipped: 0
[INFO] 
[INFO] ------------------------------------------------------------------------
[INFO] BUILD FAILURE
[INFO] ------------------------------------------------------------------------
[INFO] Total time:  4.916 s
[INFO] Finished at: 2026-04-02T15:35:34+03:00
[INFO] ------------------------------------------------------------------------
[ERROR] Failed to execute goal org.apache.maven.plugins:maven-surefire-plugin:3.1.2:test (default-test) on project springbackend: There are test failures.
[ERROR] 
[ERROR] Please refer to /Users/razvan/tw_proiect/springbackend-main/target/surefire-reports for the individual test results.
[ERROR] Please refer to dump files (if any exist) [date].dump, [date]-jvmRun[N].dump and [date].dumpstream.
[ERROR] -> [Help 1]
[ERROR] 
[ERROR] To see the full stack trace of the errors, re-run Maven with the -e switch.
[ERROR] Re-run Maven using the -X switch to enable full debug logging.
[ERROR] 
[ERROR] For more information about the errors and possible solutions, please read the following articles:
[ERROR] [Help 1] http://cwiki.apache.org/confluence/display/MAVEN/MojoFailureException
